1qfszd	Duffy Lake, BC [1600x1068] © Philip Kuntz
1qgnxi	Garibaldi Lake [2000x544]
1qfra9	West Virginia Mountaintop Mornings [3264x1952] [OC]
1qgghy	Yosemite National Park, CA [6016x4000] [OC]
1qcw7t	Lake Louise, Banff. Canada. [1500x699] [OS] © Ryan Engstrom
1qgod2	Chimney Pond, Maine [900x509] (sorry for low res)
1qgbrh	Cape Schanck, Victoria, Australia [3000x2000]
1qe3hk	High Alpine Hockey [1600 x 1200]
1qgf4z	Morning sunlight on a woodland path in autumn - Abbeyford Woods, Devon, UK (CC BY-NC) [OC] [2048x1365]
1qe1ov	Red Beach, Panjin, China [1005x960]
1qe8me	Lake Tahoe, NV [943x609]
1qgbpe	Forest Park, Donetsk, Ukraine [1400x874] photo by Denis Belitskiy
1qg48q	Glowing travertine pools of the Pamukkale, Turkey [1600x901]
