1qfszd	Duffy Lake, BC [1600x1068] © Philip Kuntz
1qdotp	Zion National Park, Utah [OC][3216x2136]
1qgnxi	Garibaldi Lake [2000x544]
1qgq5l	Summer On The Palouse, Washington (Reedit)[OC][1888 x 1259]
1qfra9	West Virginia Mountaintop Mornings [3264x1952] [OC]
1qg0cd	Picture I took Hiking to Pulpit Rock, Norway[3000x2250]
1qgghy	Yosemite National Park, CA [6016x4000] [OC]
1qf3u9	Santa Cruz Sunset, [2500x1838] [OC]
1qcw7t	Lake Louise, Banff. Canada. [1500x699] [OS] © Ryan Engstrom
1qgnz9	Lake Pano [6712x3611]
1qgod2	Chimney Pond, Maine [900x509] (sorry for low res)
1qfnf2	Rice fields in Bail, Indonesia. [1366x768]
1qgbrh	Cape Schanck, Victoria, Australia [3000x2000]
1qdins	Into the Light - Zion National Park, UT (1280 x 853)
1qe3hk	High Alpine Hockey [1600 x 1200]
1qghpm	Wilson Lake, Kansas. [3000x2002]
1qgf4z	Morning sunlight on a woodland path in autumn - Abbeyford Woods, Devon, UK (CC BY-NC) [OC] [2048x1365]
1qdt83	Jasper National Park [3170X1980]
1qe1ov	Red Beach, Panjin, China [1005x960]
1qe9mw	Northern Sweden is beautiful. [960x716]
1qe8me	Lake Tahoe, NV [943x609]
1qg979	Mount Cook, New Zealand [OS] [1280x740]
1qgbpe	Forest Park, Donetsk, Ukraine [1400x874] photo by Denis Belitskiy
1qgjjl	Tea farm in Cameron Highlands, Malaysia [2785x1793]
1qg48q	Glowing travertine pools of the Pamukkale, Turkey [1600x901]
1n9lfh	/r/EarthPorn, we need your help to save South Carolina's living fossil from being turned into a parking lot! Details inside.
