1n9lfh	/r/EarthPorn, we need your help to save South Carolina's living fossil from being turned into a parking lot! Details inside.
1qgjjl	Tea farm in Cameron Highlands, Malaysia [2785x1793]
1qg979	Mount Cook, New Zealand [OS] [1280x740]
1qe9mw	Northern Sweden is beautiful. [960x716]
1qdt83	Jasper National Park [3170X1980]
1qghpm	Wilson Lake, Kansas. [3000x2002]
1qdins	Into the Light - Zion National Park, UT (1280 x 853)
1qfnf2	Rice fields in Bail, Indonesia. [1366x768]
1qgnz9	Lake Pano [6712x3611]
1qf3u9	Santa Cruz Sunset, [2500x1838] [OC]
1qg0cd	Picture I took Hiking to Pulpit Rock, Norway[3000x2250]
1qgq5l	Summer On The Palouse, Washington (Reedit)[OC][1888 x 1259]
1qdotp	Zion National Park, Utah [OC][3216x2136]
