{
  "tags":[
    
  ],
  "album_url":"http://freemusicarchive.org/music/___/_-_Live__KEXP_7242010/",
  "album_title":"!!! - Live @ KEXP 7/24/2010",
  "album_id":"7596",
  "album_tracks":"2",
  "album_comments":"0",
  "album_image_file":"http://freemusicarchive.org/file/images/albums/_-_Live__KEXP_7242010_-_20101022181252833.jpg",
  "album_handle":"_-_Live__KEXP_7242010",
  "album_producer":null,
  "artist_name":"!!!",
  "album_images":[
    {
      "image_title":"albums Image",
      "album_id":"7596",
      "image_id":"10574",
      "artist_id":null,
      "curator_id":null,
      "user_id":null,
      "image_file":"http://freemusicarchive.org/file/images/albums/_-_Live__KEXP_7242010_-_20101022181252833.jpg",
      "image_caption":null,
      "image_copyright":null,
      "image_source":null,
      "image_order":"0"
    }
  ],
  "album_type":"Live Performance",
  "album_information":"<p>Funk-punk party starters !!! performs live at KEXP’s “Bean Room” stage during our broadcast at the Capitol Hill Block Party 2010.    <br /></p>",
  "artist_url":"http://freemusicarchive.org/music/___/",
  "album_engineer":null,
  "album_date_released":null,
  "album_favorites":"0",
  "album_listens":"2576",
  "album_date_created":"10/22/2010 03:39:09 PM"
}
