{
  "score":69.793450000000007,
  "owner":"heroku",
  "open_issues":7,
  "type":"repo",
  "homepage":"https://devcenter.heroku.com/articles/buildpacks",
  "name":"heroku-buildpack-nodejs",
  "username":"heroku",
  "description":"The official Heroku buildpack for Node.js apps.",
  "has_issues":true,
  "language":"Shell",
  "has_wiki":true,
  "watchers":312,
  "size":9516,
  "created":"2011-05-18T17:00:45Z",
  "followers":312,
  "pushed":"2013-11-07T21:59:25Z",
  "forks":547,
  "has_downloads":true,
  "fork":false,
  "private":false,
  "url":"https://github.com/heroku/heroku-buildpack-nodejs",
  "created_at":"2011-05-18T17:00:45Z",
  "pushed_at":"2013-11-07T21:59:25Z"
}
