85	Astatine
34	Selenium
7	Nitrogen
1	Hydrogen
73	Tantalum
10	Neon
89	Actinium
44	Ruthenium
23	Vanadium
83	Bismuth
97	Berkelium
72	Hafnium
11	Sodium
2	Helium
75	Rhenium
27	Cobalt
9	Fluorine
3	Lithium
18	Argon
21	Scandium
51	Antimony
12	Magnesium
5	Boron
82	Lead
13	Aluminium
67	Holmium
52	Tellurium
28	Nickel
58	Cerium
40	Zirkonium
30	Zinc
20	Calcium
48	Cadmium
86	Radon
112	Ununbium
66	Dysprosium
84	Polonium
8	Oxygen
88	Radium
108	Hassium
22	Titanium
4	Beryllium
50	Tin
37	Rubidium
6	Carbon
17	Chlorine
79	Gold
25	Manganese
14	Silicon
106	Seaborgium
70	Ytterbium
15	Phosphorus
16	Sulphur
46	Palladium
110	Ununnilium
53	Iodine
87	Francium
45	Rhodium
24	Chromium
55	Cesium
49	Indium
19	Potassium
57	Lanthanum
26	Iron
29	Copper
32	Germanium
61	Promethium
42	Molybdaenum
31	Gallium
33	Arsenic
43	Technetium
35	Bromine
93	Neptunium
81	Thallium
36	Krypton
78	Platinum
38	Strontium
39	Yttrium
47	Silver
80	Hydrargyrum
41	Niobium
54	Xenon
56	Barium
59	Praseodymium
60	Neodymium
62	Samarium
63	Europium
64	Gadolinium
65	Terbium
90	Thorium
68	Erbium
69	Thulium
76	Osmium
71	Lutetium
74	Tungsten
77	Iridium
91	Protactinium
116	Ununhexium
94	Plutonium
92	Uranium
95	Americium
96	Curium
98	Californium
99	Einsteinium
100	Fermium
101	Mendelevium
102	Nobelium
103	Lawrencium
104	Rutherfordium
105	Dubnium
107	Bohrium
109	Meitnerium
111	Unununium
113	Ununtrium
114	Ununquadium
115	Ununpentium
118	Ununoctium
