{"Name":"Astatine","AtNo":85,"Symbol":"At","AtWt":210.0}
{"Name":"Selenium","AtNo":34,"Symbol":"Se","AtWt":78.959999999999994}
{"Name":"Nitrogen","AtNo":7,"Symbol":"N","AtWt":14.0067}
{"Name":"Hydrogen","AtNo":1,"Symbol":"H","AtWt":1.0079400000000001}
{"Name":"Tantalum","AtNo":73,"Symbol":"Ta","AtWt":180.94788}
{"Name":"Neon","AtNo":10,"Symbol":"Ne","AtWt":20.1797}
{"Name":"Actinium","AtNo":89,"Symbol":"Ac","AtWt":227.0}
{"Name":"Ruthenium","AtNo":44,"Symbol":"Ru","AtWt":101.06999999999999}
{"Name":"Vanadium","AtNo":23,"Symbol":"V","AtWt":50.941499999999998}
{"Name":"Bismuth","AtNo":83,"Symbol":"Bi","AtWt":208.980401}
{"Name":"Berkelium","AtNo":97,"Symbol":"Bk","AtWt":247.0}
{"Name":"Hafnium","AtNo":72,"Symbol":"Hf","AtWt":178.49000000000001}
{"Name":"Sodium","AtNo":11,"Symbol":"Na","AtWt":22.989769280000001}
{"Name":"Helium","AtNo":2,"Symbol":"He","AtWt":4.0026020000000004}
{"Name":"Rhenium","AtNo":75,"Symbol":"Re","AtWt":186.20699999999999}
{"Name":"Cobalt","AtNo":27,"Symbol":"Co","AtWt":58.933194999999998}
{"Name":"Fluorine","AtNo":9,"Symbol":"F","AtWt":18.999400000000001}
{"Name":"Lithium","AtNo":3,"Symbol":"Li","AtWt":6.9409999999999998}
{"Name":"Argon","AtNo":18,"Symbol":"Ar","AtWt":39.948}
{"Name":"Scandium","AtNo":21,"Symbol":"Sc","AtWt":44.955911999999998}
{"Name":"Antimony","AtNo":51,"Symbol":"Sb","AtWt":121.76000000000001}
{"Name":"Magnesium","AtNo":12,"Symbol":"Mg","AtWt":24.305}
{"Name":"Boron","AtNo":5,"Symbol":"B","AtWt":10.811}
{"Name":"Lead","AtNo":82,"Symbol":"Pb","AtWt":207.19999999999999}
{"Name":"Aluminium","AtNo":13,"Symbol":"Al","AtWt":26.9815386}
{"Name":"Holmium","AtNo":67,"Symbol":"Ho","AtWt":164.93031999999999}
{"Name":"Tellurium","AtNo":52,"Symbol":"Te","AtWt":127.59999999999999}
{"Name":"Nickel","AtNo":28,"Symbol":"Ni","AtWt":58.693399999999997}
{"Name":"Cerium","AtNo":58,"Symbol":"Ce","AtWt":140.11600000000001}
{"Name":"Zirkonium","AtNo":40,"Symbol":"Zr","AtWt":91.224000000000004}
{"Name":"Zinc","AtNo":30,"Symbol":"Zn","AtWt":65.379999999999995}
{"Name":"Calcium","AtNo":20,"Symbol":"Ca","AtWt":40.078000000000003}
{"Name":"Cadmium","AtNo":48,"Symbol":"Cd","AtWt":112.411}
{"Name":"Radon","AtNo":86,"Symbol":"Rn","AtWt":220.0}
{"Name":"Ununbium","AtNo":112,"Symbol":"Uub","AtWt":285.0}
{"Name":"Dysprosium","AtNo":66,"Symbol":"Dy","AtWt":162.5001}
{"Name":"Polonium","AtNo":84,"Symbol":"Po","AtWt":210.0}
{"Name":"Oxygen","AtNo":8,"Symbol":"O","AtWt":15.9994}
{"Name":"Radium","AtNo":88,"Symbol":"Ra","AtWt":226.0}
{"Name":"Hassium","AtNo":108,"Symbol":"Hs","AtWt":277.0}
{"Name":"Titanium","AtNo":22,"Symbol":"Ti","AtWt":47.866999999999997}
{"Name":"Beryllium","AtNo":4,"Symbol":"Be","AtWt":9.0121819999999992}
{"Name":"Tin","AtNo":50,"Symbol":"Sn","AtWt":118.70999999999999}
{"Name":"Rubidium","AtNo":37,"Symbol":"Rb","AtWt":85.467799999999997}
{"Name":"Carbon","AtNo":6,"Symbol":"C","AtWt":12.0107}
{"Name":"Chlorine","AtNo":17,"Symbol":"Cl","AtWt":35.453000000000003}
{"Name":"Gold","AtNo":79,"Symbol":"Au","AtWt":196.96656899999999}
{"Name":"Manganese","AtNo":25,"Symbol":"Mn","AtWt":54.938045000000002}
{"Name":"Silicon","AtNo":14,"Symbol":"Si","AtWt":28.0855}
{"Name":"Seaborgium","AtNo":106,"Symbol":"Sg","AtWt":266.0}
{"Name":"Ytterbium","AtNo":70,"Symbol":"Yb","AtWt":173.054}
{"Name":"Phosphorus","AtNo":15,"Symbol":"P","AtWt":30.973762000000001}
{"Name":"Sulphur","AtNo":16,"Symbol":"S","AtWt":32.064999999999998}
{"Name":"Palladium","AtNo":46,"Symbol":"Pd","AtWt":106.42}
{"Name":"Ununnilium","AtNo":110,"Symbol":"Ds","AtWt":271.0}
{"Name":"Iodine","AtNo":53,"Symbol":"I","AtWt":126.90447}
{"Name":"Francium","AtNo":87,"Symbol":"Fr","AtWt":223.0}
{"Name":"Rhodium","AtNo":45,"Symbol":"Rh","AtWt":102.9055}
{"Name":"Chromium","AtNo":24,"Symbol":"Cr","AtWt":51.996099999999998}
{"Name":"Cesium","AtNo":55,"Symbol":"Cs","AtWt":132.9054519}
{"Name":"Indium","AtNo":49,"Symbol":"In","AtWt":114.818}
{"Name":"Potassium","AtNo":19,"Symbol":"K","AtWt":39.098300000000002}
{"Name":"Lanthanum","AtNo":57,"Symbol":"La","AtWt":138.90547000000001}
{"Name":"Iron","AtNo":26,"Symbol":"Fe","AtWt":55.844999999999999}
{"Name":"Copper","AtNo":29,"Symbol":"Cu","AtWt":63.545999999999999}
{"Name":"Germanium","AtNo":32,"Symbol":"Ge","AtWt":72.640000000000001}
{"Name":"Promethium","AtNo":61,"Symbol":"Pm","AtWt":145.0}
{"Name":"Molybdaenum","AtNo":42,"Symbol":"Mo","AtWt":95.959999999999994}
{"Name":"Gallium","AtNo":31,"Symbol":"Ga","AtWt":69.722999999999999}
{"Name":"Arsenic","AtNo":33,"Symbol":"As","AtWt":74.921599999999998}
{"Name":"Technetium","AtNo":43,"Symbol":"Tc","AtWt":98.0}
{"Name":"Bromine","AtNo":35,"Symbol":"Br","AtWt":79.903999999999996}
{"Name":"Neptunium","AtNo":93,"Symbol":"Np","AtWt":237.0}
{"Name":"Thallium","AtNo":81,"Symbol":"Tl","AtWt":204.38329999999999}
{"Name":"Krypton","AtNo":36,"Symbol":"Kr","AtWt":83.798000000000002}
{"Name":"Platinum","AtNo":78,"Symbol":"Pt","AtWt":192.084}
{"Name":"Strontium","AtNo":38,"Symbol":"Sr","AtWt":87.620000000000005}
{"Name":"Yttrium","AtNo":39,"Symbol":"Y","AtWt":88.905850000000001}
{"Name":"Silver","AtNo":47,"Symbol":"Ag","AtWt":107.8682}
{"Name":"Hydrargyrum","AtNo":80,"Symbol":"Hg","AtWt":200.59}
{"Name":"Niobium","AtNo":41,"Symbol":"Nb","AtWt":92.906379999999999}
{"Name":"Xenon","AtNo":54,"Symbol":"Xe","AtWt":131.29300000000001}
{"Name":"Barium","AtNo":56,"Symbol":"Ba","AtWt":137.327}
{"Name":"Praseodymium","AtNo":59,"Symbol":"Pr","AtWt":140.90764999999999}
{"Name":"Neodymium","AtNo":60,"Symbol":"Nd","AtWt":144.24199999999999}
{"Name":"Samarium","AtNo":62,"Symbol":"Sm","AtWt":150.36000000000001}
{"Name":"Europium","AtNo":63,"Symbol":"Eu","AtWt":151.964}
{"Name":"Gadolinium","AtNo":64,"Symbol":"Gd","AtWt":157.25}
{"Name":"Terbium","AtNo":65,"Symbol":"Tb","AtWt":158.92535000000001}
{"Name":"Thorium","AtNo":90,"Symbol":"Th","AtWt":232.03806}
{"Name":"Erbium","AtNo":68,"Symbol":"Er","AtWt":167.25899999999999}
{"Name":"Thulium","AtNo":69,"Symbol":"Tm","AtWt":168.93421000000001}
{"Name":"Osmium","AtNo":76,"Symbol":"Os","AtWt":190.22999999999999}
{"Name":"Lutetium","AtNo":71,"Symbol":"Lu","AtWt":174.96680000000001}
{"Name":"Tungsten","AtNo":74,"Symbol":"W","AtWt":183.84}
{"Name":"Iridium","AtNo":77,"Symbol":"Ir","AtWt":192.21700000000001}
{"Name":"Protactinium","AtNo":91,"Symbol":"Pa","AtWt":231.03587999999999}
{"Name":"Ununhexium","AtNo":116,"Symbol":"Uuh","AtWt":292.0}
{"Name":"Plutonium","AtNo":94,"Symbol":"Pu","AtWt":244.0}
{"Name":"Uranium","AtNo":92,"Symbol":"U","AtWt":238.02891}
{"Name":"Americium","AtNo":95,"Symbol":"Am","AtWt":243.0}
{"Name":"Curium","AtNo":96,"Symbol":"Cm","AtWt":247.0}
{"Name":"Californium","AtNo":98,"Symbol":"Cf","AtWt":251.0}
{"Name":"Einsteinium","AtNo":99,"Symbol":"Es","AtWt":252.0}
{"Name":"Fermium","AtNo":100,"Symbol":"Fm","AtWt":257.0}
{"Name":"Mendelevium","AtNo":101,"Symbol":"Md","AtWt":258.0}
{"Name":"Nobelium","AtNo":102,"Symbol":"No","AtWt":259.0}
{"Name":"Lawrencium","AtNo":103,"Symbol":"Lr","AtWt":262.0}
{"Name":"Rutherfordium","AtNo":104,"Symbol":"Rf","AtWt":261.0}
{"Name":"Dubnium","AtNo":105,"Symbol":"Db","AtWt":262.0}
{"Name":"Bohrium","AtNo":107,"Symbol":"Bh","AtWt":264.0}
{"Name":"Meitnerium","AtNo":109,"Symbol":"Mt","AtWt":268.0}
{"Name":"Unununium","AtNo":111,"Symbol":"Rg","AtWt":272.0}
{"Name":"Ununtrium","AtNo":113,"Symbol":"Uut","AtWt":284.0}
{"Name":"Ununquadium","AtNo":114,"Symbol":"Uuq","AtWt":289.0}
{"Name":"Ununpentium","AtNo":115,"Symbol":"Uup","AtWt":288.0}
{"Name":"Ununoctium","AtNo":118,"Symbol":"Uuo","AtWt":294.0}
